[2026-08-08T16:29:35.103Z] ERROR: Error: ENOENT: no such file or directory, stat '/app/applet/prod_output/index.html'
[2026-08-08T16:29:44.213Z] ERROR: Error: ENOENT: no such file or directory, stat '/app/applet/prod_output/index.html'
[2026-08-08T16:40:44.432Z] ERROR: [Background Job] Error in pollPendingPayments: 
Invalid `prisma.payment.findMany()` invocation in
/app/applet/src/services/financial/Jobs.ts:16:52

  13 const fifteenMinsAgo = new Date(Date.now() - 15 * 60 * 1000);
  14 
  15 try {
→ 16   const pendingPayments = await prisma.payment.findMany(
error: Error validating datasource `db`: the URL must start with the protocol `postgresql://` or `postgres://`.
  -->  schema.prisma:7
   | 
 6 |   provider = "postgresql"
 7 |   url      = env("DATABASE_URL")
   | 

Validation Error Count: 1
[2026-08-08T16:44:29.649Z] ERROR: ❌ FATAL ERROR: JWT_SECRET is missing or using an insecure default value in production.
[2026-08-08T16:53:03.351Z] ERROR: [Background Job] Error in pollPendingPayments: 
Invalid `prisma.payment.findMany()` invocation:


error: Error validating datasource `db`: the URL must start with the protocol `postgresql://` or `postgres://`.
  -->  schema.prisma:7
   | 
 6 |   provider = "postgresql"
 7 |   url      = env("DATABASE_URL")
   | 

Validation Error Count: 1
[2026-08-08T17:02:56.947Z] ERROR: ❌ FATAL ERROR: JWT_SECRET is missing or using an insecure default value in production.
[2026-08-08T17:03:03.346Z] ERROR: [Background Job] Error in pollPendingPayments: 
Invalid `prisma.payment.findMany()` invocation:


error: Error validating datasource `db`: the URL must start with the protocol `postgresql://` or `postgres://`.
  -->  schema.prisma:7
   | 
 6 |   provider = "postgresql"
 7 |   url      = env("DATABASE_URL")
   | 

Validation Error Count: 1
